opening:
    name: { value: div }
    attributes: {  }
    self_closing: false
closing:
    name: { value: div }
children: null
